// AUTOGENERATED. DO NOT EDIT.

package test_helloworld

import discovery "github.com/luci/luci-go/server/discovery"

import "github.com/luci/luci-go/common/proto/google/descriptor"

func init() {
	discovery.RegisterDescriptorSetCompressed(
		[]string{
			"test.helloworld.Greeter",
		},
		[]byte{31, 139,
			8, 0, 0, 9, 110, 136, 0, 255, 116, 147, 193, 110, 211, 78,
			16, 198, 189, 206, 214, 117, 38, 233, 63, 238, 254, 227, 82, 5,
			16, 163, 28, 40, 7, 100, 218, 32, 184, 32, 14, 85, 85, 209,
			162, 138, 67, 67, 185, 187, 241, 36, 177, 228, 122, 195, 174, 83,
			212, 87, 226, 206, 133, 183, 226, 13, 152, 221, 198, 8, 33, 245,
			182, 159, 246, 155, 249, 126, 59, 99, 195, 207, 8, 160, 33, 219,
			100, 43, 163, 27, 173, 6, 254, 188, 164, 170, 210, 223, 180, 169,
			138, 241, 24, 250, 103, 78, 93, 210, 215, 53, 95, 41, 5, 178,
			206, 111, 104, 95, 160, 120, 209, 189, 244, 231, 241, 115, 128, 141,
			103, 85, 221, 169, 125, 216, 190, 33, 107, 243, 69, 107, 106, 229,
			100, 10, 219, 31, 12, 81, 67, 70, 157, 65, 60, 205, 239, 124,
			149, 122, 154, 253, 19, 154, 253, 157, 56, 122, 252, 208, 53, 135,
			141, 131, 143, 191, 36, 68, 74, 202, 96, 79, 192, 15, 1, 162,
			175, 58, 50, 80, 147, 239, 2, 79, 244, 234, 206, 148, 139, 101,
			131, 147, 195, 163, 183, 248, 121, 73, 120, 113, 117, 114, 142, 199,
			235, 102, 169, 141, 205, 240, 184, 170, 208, 27, 44, 26, 178, 100,
			110, 169, 200, 0, 175, 44, 161, 158, 99, 179, 44, 45, 90, 189,
			54, 51, 194, 153, 46, 8, 89, 46, 244, 45, 153, 154, 10, 92,
			215, 5, 25, 182, 16, 30, 175, 242, 153, 107, 92, 206, 168, 182,
			244, 18, 191, 144, 177, 165, 174, 113, 146, 29, 2, 27, 242, 6,
			103, 121, 141, 215, 132, 115, 205, 69, 88, 214, 190, 234, 226, 252,
			228, 244, 211, 244, 20, 231, 101, 69, 25, 64, 12, 34, 84, 157,
			40, 126, 4, 25, 132, 81, 160, 100, 55, 232, 139, 209, 216, 35,
			47, 220, 192, 202, 122, 129, 14, 144, 83, 176, 160, 121, 89, 151,
			13, 135, 112, 37, 64, 39, 10, 132, 234, 116, 227, 1, 60, 3,
			25, 5, 97, 160, 58, 189, 240, 205, 72, 225, 148, 234, 194, 98,
			254, 167, 1, 64, 31, 182, 156, 129, 237, 189, 232, 191, 86, 113,
			112, 47, 121, 210, 170, 14, 171, 131, 35, 120, 15, 33, 15, 81,
			14, 130, 93, 49, 58, 242, 24, 230, 126, 25, 184, 89, 37, 143,
			164, 110, 114, 230, 96, 48, 247, 160, 53, 211, 29, 88, 116, 95,
			195, 61, 149, 116, 49, 131, 120, 8, 61, 224, 221, 56, 170, 36,
			84, 176, 3, 91, 78, 72, 37, 147, 112, 176, 231, 66, 157, 220,
			114, 151, 113, 171, 184, 46, 233, 238, 180, 138, 129, 146, 100, 23,
			222, 49, 144, 80, 114, 200, 91, 30, 189, 218, 0, 217, 149, 230,
			145, 63, 68, 212, 62, 219, 222, 227, 8, 110, 59, 140, 149, 199,
			17, 14, 39, 13, 83, 143, 35, 60, 78, 26, 14, 135, 62, 82,
			120, 156, 116, 131, 35, 60, 78, 218, 77, 90, 197, 56, 233, 255,
			195, 235, 200, 255, 44, 175, 127, 7, 0, 0, 255, 255, 8, 62,
			245, 203, 61, 3, 0, 0},
	)
}

// FileDescriptorSet returns a descriptor set for this proto package, which
// includes all defined services, and all transitive dependencies.
//
// Will not return nil.
//
// Do NOT modify the returned descriptor.
func FileDescriptorSet() *descriptor.FileDescriptorSet {
	// We just need ONE of the service names to look up the FileDescriptorSet.
	ret, err := discovery.GetDescriptorSet("test.helloworld.Greeter")
	if err != nil {
		panic(err)
	}
	return ret
}
