// Code generated by protoc-gen-go.
// source: test.proto
// DO NOT EDIT!

/*
Package test_helloworld is a generated protocol buffer package.

It is generated from these files:
	test.proto

It has these top-level messages:
	HelloRequest
	HelloReply
*/
package test_helloworld

import prpccommon "github.com/luci/luci-go/common/prpc"
import prpc "github.com/luci/luci-go/server/prpc"

import proto "github.com/golang/protobuf/proto"
import fmt "fmt"
import math "math"

import (
	context "golang.org/x/net/context"
	grpc "google.golang.org/grpc"
)

// Reference imports to suppress errors if they are not otherwise used.
var _ = proto.Marshal
var _ = fmt.Errorf
var _ = math.Inf

// This is a compile-time assertion to ensure that this generated file
// is compatible with the proto package it is being compiled against.
const _ = proto.ProtoPackageIsVersion1

// The request message containing the user's name.
type HelloRequest struct {
	Name string `protobuf:"bytes,1,opt,name=name" json:"name,omitempty"`
}

func (m *HelloRequest) Reset()                    { *m = HelloRequest{} }
func (m *HelloRequest) String() string            { return proto.CompactTextString(m) }
func (*HelloRequest) ProtoMessage()               {}
func (*HelloRequest) Descriptor() ([]byte, []int) { return fileDescriptor0, []int{0} }

// The response message containing the greetings
type HelloReply struct {
	Message string `protobuf:"bytes,1,opt,name=message" json:"message,omitempty"`
}

func (m *HelloReply) Reset()                    { *m = HelloReply{} }
func (m *HelloReply) String() string            { return proto.CompactTextString(m) }
func (*HelloReply) ProtoMessage()               {}
func (*HelloReply) Descriptor() ([]byte, []int) { return fileDescriptor0, []int{1} }

func init() {
	proto.RegisterType((*HelloRequest)(nil), "test.helloworld.HelloRequest")
	proto.RegisterType((*HelloReply)(nil), "test.helloworld.HelloReply")
}

// Reference imports to suppress errors if they are not otherwise used.
var _ context.Context
var _ grpc.ClientConn

// This is a compile-time assertion to ensure that this generated file
// is compatible with the grpc package it is being compiled against.
const _ = grpc.SupportPackageIsVersion1

// Client API for Greeter service

type GreeterClient interface {
	// Sends a greeting
	SayHello(ctx context.Context, in *HelloRequest, opts ...grpc.CallOption) (*HelloReply, error)
}
type greeterPRPCClient struct {
	client *prpccommon.Client
}

func NewGreeterPRPCClient(client *prpccommon.Client) GreeterClient {
	return &greeterPRPCClient{client}
}

func (c *greeterPRPCClient) SayHello(ctx context.Context, in *HelloRequest, opts ...grpc.CallOption) (*HelloReply, error) {
	out := new(HelloReply)
	err := c.client.Call(ctx, "test.helloworld.Greeter", "SayHello", in, out, opts...)
	if err != nil {
		return nil, err
	}
	return out, nil
}

type greeterClient struct {
	cc *grpc.ClientConn
}

func NewGreeterClient(cc *grpc.ClientConn) GreeterClient {
	return &greeterClient{cc}
}

func (c *greeterClient) SayHello(ctx context.Context, in *HelloRequest, opts ...grpc.CallOption) (*HelloReply, error) {
	out := new(HelloReply)
	err := grpc.Invoke(ctx, "/test.helloworld.Greeter/SayHello", in, out, c.cc, opts...)
	if err != nil {
		return nil, err
	}
	return out, nil
}

// Server API for Greeter service

type GreeterServer interface {
	// Sends a greeting
	SayHello(context.Context, *HelloRequest) (*HelloReply, error)
}

func RegisterGreeterServer(s prpc.Registrar, srv GreeterServer) {
	s.RegisterService(&_Greeter_serviceDesc, srv)
}

func _Greeter_SayHello_Handler(srv interface{}, ctx context.Context, dec func(interface{}) error) (interface{}, error) {
	in := new(HelloRequest)
	if err := dec(in); err != nil {
		return nil, err
	}
	out, err := srv.(GreeterServer).SayHello(ctx, in)
	if err != nil {
		return nil, err
	}
	return out, nil
}

var _Greeter_serviceDesc = grpc.ServiceDesc{
	ServiceName: "test.helloworld.Greeter",
	HandlerType: (*GreeterServer)(nil),
	Methods: []grpc.MethodDesc{
		{
			MethodName: "SayHello",
			Handler:    _Greeter_SayHello_Handler,
		},
	},
	Streams: []grpc.StreamDesc{},
}

var fileDescriptor0 = []byte{
	// 144 bytes of a gzipped FileDescriptorProto
	0x1f, 0x8b, 0x08, 0x00, 0x00, 0x09, 0x6e, 0x88, 0x02, 0xff, 0xe2, 0xe2, 0x2a, 0x49, 0x2d, 0x2e,
	0xd1, 0x2b, 0x28, 0xca, 0x2f, 0xc9, 0x17, 0xe2, 0x07, 0xb3, 0x33, 0x52, 0x73, 0x72, 0xf2, 0xcb,
	0xf3, 0x8b, 0x72, 0x52, 0x94, 0x94, 0xb8, 0x78, 0x3c, 0x40, 0xbc, 0xa0, 0xd4, 0xc2, 0x52, 0xa0,
	0x94, 0x90, 0x10, 0x17, 0x4b, 0x5e, 0x62, 0x6e, 0xaa, 0x04, 0xa3, 0x02, 0xa3, 0x06, 0x67, 0x10,
	0x98, 0xad, 0xa4, 0xc6, 0xc5, 0x05, 0x55, 0x53, 0x90, 0x53, 0x29, 0x24, 0xc1, 0xc5, 0x9e, 0x9b,
	0x5a, 0x5c, 0x9c, 0x98, 0x0e, 0x53, 0x04, 0xe3, 0x1a, 0x05, 0x73, 0xb1, 0xbb, 0x17, 0xa5, 0xa6,
	0x96, 0xa4, 0x16, 0x09, 0x79, 0x70, 0x71, 0x04, 0x27, 0x56, 0x82, 0x75, 0x09, 0xc9, 0xea, 0xa1,
	0x59, 0xaa, 0x87, 0x6c, 0xa3, 0x94, 0x34, 0x2e, 0x69, 0xa0, 0x65, 0x4a, 0x0c, 0x49, 0x6c, 0x60,
	0x87, 0x1b, 0x03, 0x02, 0x00, 0x00, 0xff, 0xff, 0xf9, 0xc3, 0x4a, 0x2d, 0xc6, 0x00, 0x00, 0x00,
}
