// AUTOGENERATED. DO NOT EDIT.

package test

import discovery "github.com/luci/luci-go/grpc/discovery"

import "google.golang.org/genproto/protobuf"

func init() {
	discovery.RegisterDescriptorSetCompressed(
		[]string{
			"test.S1", "test.S2_0", "test.S2_1",
		},
		[]byte{31, 139,
			8, 0, 0, 9, 110, 136, 0, 255, 220, 146, 191, 114, 211, 78,
			16, 199, 181, 210, 89, 35, 173, 37, 199, 190, 95, 147, 249, 165,
			96, 73, 69, 193, 8, 91, 204, 208, 123, 60, 41, 146, 9, 20,
			49, 161, 101, 28, 121, 29, 107, 198, 232, 204, 157, 156, 9, 111,
			196, 208, 211, 243, 18, 188, 12, 21, 119, 39, 153, 63, 175, 64,
			165, 253, 172, 246, 251, 41, 246, 22, 191, 9, 28, 182, 31, 246,
			47, 102, 197, 94, 171, 86, 73, 209, 178, 105, 207, 255, 195, 232,
			134, 63, 202, 12, 225, 241, 20, 8, 158, 69, 55, 240, 216, 53,
			205, 223, 205, 242, 41, 134, 203, 153, 60, 67, 120, 45, 211, 194,
			101, 11, 27, 252, 255, 87, 105, 206, 131, 171, 239, 17, 198, 82,
			136, 64, 2, 126, 5, 132, 76, 70, 182, 46, 191, 0, 45, 212,
			254, 147, 174, 239, 183, 45, 149, 211, 217, 43, 122, 187, 101, 186,
			190, 93, 92, 210, 252, 208, 110, 149, 54, 5, 205, 119, 59, 242,
			3, 134, 52, 27, 214, 15, 188, 46, 144, 110, 13, 147, 218, 80,
			187, 173, 13, 25, 117, 208, 21, 83, 165, 214, 76, 22, 239, 213,
			3, 235, 134, 215, 116, 104, 214, 172, 237, 8, 211, 124, 191, 170,
			156, 184, 174, 184, 49, 252, 156, 222, 177, 54, 181, 106, 168, 44,
			166, 104, 7, 86, 45, 85, 171, 134, 238, 152, 54, 202, 134, 168,
			110, 124, 234, 250, 114, 113, 241, 102, 121, 65, 155, 122, 199, 5,
			98, 130, 16, 202, 40, 78, 50, 68, 12, 227, 64, 138, 36, 64,
			176, 117, 20, 7, 32, 163, 36, 65, 28, 162, 136, 131, 48, 144,
			81, 42, 158, 96, 134, 3, 7, 246, 87, 154, 164, 71, 178, 130,
			20, 243, 35, 69, 150, 78, 207, 156, 206, 46, 67, 100, 193, 200,
			235, 132, 203, 100, 201, 208, 233, 132, 215, 229, 98, 108, 67, 3,
			7, 66, 138, 92, 100, 222, 224, 112, 224, 126, 166, 71, 178, 185,
			220, 166, 122, 178, 246, 124, 116, 226, 237, 32, 197, 216, 173, 222,
			217, 193, 78, 141, 123, 59, 56, 251, 164, 183, 131, 183, 91, 234,
			236, 224, 237, 147, 222, 14, 222, 62, 233, 237, 224, 237, 147, 209,
			201, 93, 236, 47, 230, 37, 126, 14, 187, 19, 42, 255, 60, 161,
			50, 70, 177, 44, 223, 79, 251, 239, 236, 234, 7, 116, 87, 48,
			250, 119, 175, 160, 235, 195, 239, 231, 140, 193, 63, 103, 118, 92,
			213, 207, 0, 0, 0, 255, 255, 108, 243, 81, 251, 110, 3, 0,
			0},
	)
}

// FileDescriptorSet returns a descriptor set for this proto package, which
// includes all defined services, and all transitive dependencies.
//
// Will not return nil.
//
// Do NOT modify the returned descriptor.
func FileDescriptorSet() *descriptor.FileDescriptorSet {
	// We just need ONE of the service names to look up the FileDescriptorSet.
	ret, err := discovery.GetDescriptorSet("test.S1")
	if err != nil {
		panic(err)
	}
	return ret
}
