// AUTOGENERATED. DO NOT EDIT.

package test

import discovery "github.com/luci/luci-go/server/discovery"

import "github.com/luci/luci-go/common/proto/google/descriptor"

func init() {
	discovery.RegisterDescriptorSetCompressed(
		[]string{
			"test.S1", "test.S2_0", "test.S2_1",
		},
		[]byte{31, 139,
			8, 0, 0, 9, 110, 136, 0, 255, 220, 146, 191, 114, 211, 64,
			16, 135, 181, 190, 179, 34, 109, 36, 199, 62, 154, 12, 41, 88,
			82, 81, 48, 26, 91, 204, 208, 123, 60, 41, 146, 9, 20, 49,
			161, 101, 28, 121, 29, 107, 198, 163, 51, 119, 114, 38, 188, 15,
			21, 61, 29, 175, 193, 203, 80, 113, 119, 150, 249, 243, 10, 169,
			180, 223, 106, 127, 95, 177, 183, 248, 67, 226, 209, 164, 216, 26,
			221, 106, 37, 91, 182, 237, 249, 51, 20, 55, 252, 89, 101, 8,
			143, 167, 64, 240, 74, 220, 192, 227, 190, 105, 255, 111, 150, 47,
			177, 55, 159, 168, 51, 132, 119, 42, 45, 124, 182, 112, 193, 231,
			127, 74, 123, 30, 93, 253, 20, 24, 43, 41, 35, 5, 248, 29,
			16, 50, 37, 92, 93, 126, 3, 154, 233, 237, 23, 83, 223, 175,
			91, 42, 199, 147, 183, 244, 97, 205, 116, 125, 59, 187, 164, 233,
			174, 93, 107, 99, 11, 154, 110, 54, 20, 6, 44, 25, 182, 108,
			30, 120, 89, 32, 221, 90, 38, 189, 162, 118, 93, 91, 178, 122,
			103, 42, 166, 74, 47, 153, 28, 222, 235, 7, 54, 13, 47, 105,
			215, 44, 217, 184, 17, 166, 233, 118, 81, 121, 113, 93, 113, 99,
			249, 53, 125, 100, 99, 107, 221, 80, 89, 140, 209, 13, 44, 90,
			170, 22, 13, 221, 49, 173, 180, 11, 81, 221, 132, 212, 245, 229,
			236, 226, 253, 252, 130, 86, 245, 134, 11, 196, 4, 161, 167, 68,
			156, 100, 136, 216, 139, 35, 37, 147, 8, 193, 213, 34, 142, 64,
			137, 36, 65, 60, 70, 25, 71, 189, 72, 137, 84, 190, 192, 12,
			251, 30, 220, 175, 52, 73, 15, 228, 4, 41, 230, 7, 18, 142,
			78, 207, 188, 206, 45, 67, 102, 209, 32, 232, 164, 207, 100, 201,
			177, 215, 201, 160, 203, 229, 208, 133, 250, 30, 164, 146, 185, 204,
			130, 193, 99, 223, 255, 76, 15, 228, 114, 185, 75, 117, 228, 236,
			249, 224, 36, 216, 65, 201, 161, 95, 189, 183, 131, 155, 26, 118,
			118, 240, 246, 81, 103, 135, 96, 119, 180, 183, 67, 176, 143, 58,
			59, 4, 251, 168, 179, 67, 176, 143, 6, 39, 119, 113, 184, 152,
			55, 248, 181, 135, 71, 229, 191, 231, 83, 198, 40, 231, 229, 167,
			113, 247, 157, 92, 253, 130, 253, 5, 12, 158, 238, 5, 236, 251,
			240, 247, 41, 99, 8, 79, 153, 29, 214, 244, 59, 0, 0, 255,
			255, 207, 71, 171, 16, 102, 3, 0, 0},
	)
}

// FileDescriptorSet returns a descriptor set for this proto package, which
// includes all defined services, and all transitive dependencies.
//
// Will not return nil.
//
// Do NOT modify the returned descriptor.
func FileDescriptorSet() *descriptor.FileDescriptorSet {
	// We just need ONE of the service names to look up the FileDescriptorSet.
	ret, err := discovery.GetDescriptorSet("test.S1")
	if err != nil {
		panic(err)
	}
	return ret
}
