// AUTOGENERATED. DO NOT EDIT.

package test_helloworld

import discovery "github.com/luci/luci-go/grpc/discovery"

import "github.com/luci/luci-go/common/proto/google/descriptor"

func init() {
	discovery.RegisterDescriptorSetCompressed(
		[]string{
			"test.helloworld.Greeter",
		},
		[]byte{31, 139,
			8, 0, 0, 9, 110, 136, 0, 255, 116, 147, 193, 110, 211, 78,
			16, 198, 189, 206, 214, 117, 38, 105, 227, 238, 63, 233, 191, 10,
			32, 70, 57, 80, 14, 200, 109, 131, 224, 130, 56, 84, 85, 69,
			139, 42, 14, 13, 229, 238, 198, 147, 196, 146, 235, 13, 187, 78,
			81, 95, 137, 59, 87, 222, 137, 55, 96, 118, 19, 35, 132, 212,
			219, 126, 218, 111, 230, 251, 237, 140, 13, 63, 35, 216, 173, 239,
			150, 71, 53, 217, 58, 93, 26, 93, 107, 213, 243, 231, 5, 149,
			165, 254, 166, 77, 153, 143, 70, 208, 189, 112, 234, 154, 190, 174,
			248, 74, 41, 144, 85, 118, 71, 7, 2, 197, 203, 246, 181, 63,
			143, 94, 0, 108, 60, 203, 242, 65, 29, 192, 246, 29, 89, 155,
			205, 27, 83, 35, 199, 19, 216, 254, 96, 136, 106, 50, 234, 2,
			226, 73, 246, 224, 171, 212, 179, 244, 159, 208, 244, 239, 196, 225,
			147, 199, 174, 57, 108, 20, 124, 252, 37, 33, 82, 82, 6, 251,
			2, 126, 8, 16, 93, 213, 146, 129, 26, 127, 23, 120, 166, 151,
			15, 166, 152, 47, 106, 28, 31, 159, 188, 197, 207, 11, 194, 171,
			155, 179, 75, 60, 93, 213, 11, 109, 108, 138, 167, 101, 137, 222,
			96, 209, 144, 37, 115, 79, 121, 10, 120, 99, 9, 245, 12, 235,
			69, 97, 209, 234, 149, 153, 18, 78, 117, 78, 200, 114, 174, 239,
			201, 84, 148, 227, 170, 202, 201, 176, 133, 240, 116, 153, 77, 93,
			227, 98, 74, 149, 165, 87, 248, 133, 140, 45, 116, 133, 227, 244,
			24, 216, 144, 213, 56, 205, 42, 188, 37, 156, 105, 46, 194, 162,
			242, 85, 87, 151, 103, 231, 159, 38, 231, 56, 43, 74, 74, 1,
			98, 16, 161, 106, 69, 241, 255, 144, 66, 24, 5, 74, 182, 131,
			174, 24, 142, 60, 242, 220, 13, 172, 168, 230, 232, 0, 57, 5,
			115, 154, 21, 85, 81, 115, 8, 87, 2, 180, 162, 64, 168, 86,
			59, 238, 193, 115, 144, 81, 16, 6, 170, 213, 9, 223, 12, 21,
			78, 168, 202, 45, 102, 127, 26, 0, 116, 97, 203, 25, 216, 222,
			137, 118, 27, 197, 193, 157, 228, 105, 163, 90, 172, 14, 79, 224,
			61, 132, 60, 68, 217, 11, 246, 196, 240, 196, 99, 152, 245, 50,
			112, 179, 74, 30, 73, 85, 103, 204, 193, 96, 238, 65, 43, 166,
			59, 180, 232, 190, 134, 53, 149, 116, 49, 189, 184, 15, 29, 224,
			221, 56, 170, 36, 84, 176, 3, 91, 78, 72, 37, 147, 176, 183,
			239, 66, 157, 220, 114, 151, 113, 163, 184, 46, 105, 239, 52, 138,
			129, 146, 100, 15, 222, 49, 144, 80, 178, 207, 91, 30, 30, 109,
			128, 236, 82, 243, 200, 31, 35, 106, 158, 109, 215, 56, 130, 219,
			246, 99, 229, 113, 132, 195, 25, 132, 3, 143, 35, 60, 206, 32,
			236, 247, 125, 164, 240, 56, 131, 13, 142, 240, 56, 131, 118, 210,
			40, 198, 25, 252, 215, 191, 141, 252, 207, 242, 250, 119, 0, 0,
			0, 255, 255, 173, 8, 254, 202, 65, 3, 0, 0},
	)
}

// FileDescriptorSet returns a descriptor set for this proto package, which
// includes all defined services, and all transitive dependencies.
//
// Will not return nil.
//
// Do NOT modify the returned descriptor.
func FileDescriptorSet() *descriptor.FileDescriptorSet {
	// We just need ONE of the service names to look up the FileDescriptorSet.
	ret, err := discovery.GetDescriptorSet("test.helloworld.Greeter")
	if err != nil {
		panic(err)
	}
	return ret
}
