// Code generated by protoc-gen-go. DO NOT EDIT.
// source: tmp/test.proto

/*
Package test_helloworld is a generated protocol buffer package.

It is generated from these files:
	tmp/test.proto

It has these top-level messages:
	HelloRequest
	HelloReply
*/
package test_helloworld

import prpc "github.com/luci/luci-go/grpc/prpc"

import proto "github.com/golang/protobuf/proto"
import fmt "fmt"
import math "math"

import (
	context "golang.org/x/net/context"
	grpc "google.golang.org/grpc"
)

// Reference imports to suppress errors if they are not otherwise used.
var _ = proto.Marshal
var _ = fmt.Errorf
var _ = math.Inf

// This is a compile-time assertion to ensure that this generated file
// is compatible with the proto package it is being compiled against.
// A compilation error at this line likely means your copy of the
// proto package needs to be updated.
const _ = proto.ProtoPackageIsVersion2 // please upgrade the proto package

// The request message containing the user's name.
type HelloRequest struct {
	Name string `protobuf:"bytes,1,opt,name=name" json:"name,omitempty"`
}

func (m *HelloRequest) Reset()                    { *m = HelloRequest{} }
func (m *HelloRequest) String() string            { return proto.CompactTextString(m) }
func (*HelloRequest) ProtoMessage()               {}
func (*HelloRequest) Descriptor() ([]byte, []int) { return fileDescriptor0, []int{0} }

func (m *HelloRequest) GetName() string {
	if m != nil {
		return m.Name
	}
	return ""
}

// The response message containing the greetings
type HelloReply struct {
	Message string `protobuf:"bytes,1,opt,name=message" json:"message,omitempty"`
}

func (m *HelloReply) Reset()                    { *m = HelloReply{} }
func (m *HelloReply) String() string            { return proto.CompactTextString(m) }
func (*HelloReply) ProtoMessage()               {}
func (*HelloReply) Descriptor() ([]byte, []int) { return fileDescriptor0, []int{1} }

func (m *HelloReply) GetMessage() string {
	if m != nil {
		return m.Message
	}
	return ""
}

func init() {
	proto.RegisterType((*HelloRequest)(nil), "test.helloworld.HelloRequest")
	proto.RegisterType((*HelloReply)(nil), "test.helloworld.HelloReply")
}

// Reference imports to suppress errors if they are not otherwise used.
var _ context.Context
var _ grpc.ClientConn

// This is a compile-time assertion to ensure that this generated file
// is compatible with the grpc package it is being compiled against.
const _ = grpc.SupportPackageIsVersion4

// Client API for Greeter service

type GreeterClient interface {
	// Sends a greeting
	SayHello(ctx context.Context, in *HelloRequest, opts ...grpc.CallOption) (*HelloReply, error)
}
type greeterPRPCClient struct {
	client *prpc.Client
}

func NewGreeterPRPCClient(client *prpc.Client) GreeterClient {
	return &greeterPRPCClient{client}
}

func (c *greeterPRPCClient) SayHello(ctx context.Context, in *HelloRequest, opts ...grpc.CallOption) (*HelloReply, error) {
	out := new(HelloReply)
	err := c.client.Call(ctx, "test.helloworld.Greeter", "SayHello", in, out, opts...)
	if err != nil {
		return nil, err
	}
	return out, nil
}

type greeterClient struct {
	cc *grpc.ClientConn
}

func NewGreeterClient(cc *grpc.ClientConn) GreeterClient {
	return &greeterClient{cc}
}

func (c *greeterClient) SayHello(ctx context.Context, in *HelloRequest, opts ...grpc.CallOption) (*HelloReply, error) {
	out := new(HelloReply)
	err := grpc.Invoke(ctx, "/test.helloworld.Greeter/SayHello", in, out, c.cc, opts...)
	if err != nil {
		return nil, err
	}
	return out, nil
}

// Server API for Greeter service

type GreeterServer interface {
	// Sends a greeting
	SayHello(context.Context, *HelloRequest) (*HelloReply, error)
}

func RegisterGreeterServer(s prpc.Registrar, srv GreeterServer) {
	s.RegisterService(&_Greeter_serviceDesc, srv)
}

func _Greeter_SayHello_Handler(srv interface{}, ctx context.Context, dec func(interface{}) error, interceptor grpc.UnaryServerInterceptor) (interface{}, error) {
	in := new(HelloRequest)
	if err := dec(in); err != nil {
		return nil, err
	}
	if interceptor == nil {
		return srv.(GreeterServer).SayHello(ctx, in)
	}
	info := &grpc.UnaryServerInfo{
		Server:     srv,
		FullMethod: "/test.helloworld.Greeter/SayHello",
	}
	handler := func(ctx context.Context, req interface{}) (interface{}, error) {
		return srv.(GreeterServer).SayHello(ctx, req.(*HelloRequest))
	}
	return interceptor(ctx, in, info, handler)
}

var _Greeter_serviceDesc = grpc.ServiceDesc{
	ServiceName: "test.helloworld.Greeter",
	HandlerType: (*GreeterServer)(nil),
	Methods: []grpc.MethodDesc{
		{
			MethodName: "SayHello",
			Handler:    _Greeter_SayHello_Handler,
		},
	},
	Streams:  []grpc.StreamDesc{},
	Metadata: "tmp/test.proto",
}

func init() { proto.RegisterFile("tmp/test.proto", fileDescriptor0) }

var fileDescriptor0 = []byte{
	// 150 bytes of a gzipped FileDescriptorProto
	0x1f, 0x8b, 0x08, 0x00, 0x00, 0x00, 0x00, 0x00, 0x02, 0xff, 0xe2, 0xe2, 0x2b, 0xc9, 0x2d, 0xd0,
	0x2f, 0x49, 0x2d, 0x2e, 0xd1, 0x2b, 0x28, 0xca, 0x2f, 0xc9, 0x17, 0xe2, 0x07, 0xb3, 0x33, 0x52,
	0x73, 0x72, 0xf2, 0xcb, 0xf3, 0x8b, 0x72, 0x52, 0x94, 0x94, 0xb8, 0x78, 0x3c, 0x40, 0xbc, 0xa0,
	0xd4, 0xc2, 0xd2, 0xd4, 0xe2, 0x12, 0x21, 0x21, 0x2e, 0x96, 0xbc, 0xc4, 0xdc, 0x54, 0x09, 0x46,
	0x05, 0x46, 0x0d, 0xce, 0x20, 0x30, 0x5b, 0x49, 0x8d, 0x8b, 0x0b, 0xaa, 0xa6, 0x20, 0xa7, 0x52,
	0x48, 0x82, 0x8b, 0x3d, 0x37, 0xb5, 0xb8, 0x38, 0x31, 0x1d, 0xa6, 0x08, 0xc6, 0x35, 0x0a, 0xe6,
	0x62, 0x77, 0x2f, 0x4a, 0x4d, 0x2d, 0x49, 0x2d, 0x12, 0xf2, 0xe0, 0xe2, 0x08, 0x4e, 0xac, 0x04,
	0xeb, 0x12, 0x92, 0xd5, 0x43, 0xb3, 0x54, 0x0f, 0xd9, 0x46, 0x29, 0x69, 0x5c, 0xd2, 0x05, 0x39,
	0x95, 0x4a, 0x0c, 0x49, 0x6c, 0x60, 0x87, 0x1b, 0x03, 0x02, 0x00, 0x00, 0xff, 0xff, 0x22, 0x2d,
	0xa3, 0x9f, 0xca, 0x00, 0x00, 0x00,
}
